Microchip MPLAB XC8 Compiler V2.36

Linker command line:

-W-3 --edf=C:\Program Files\Microchip\xc8\v2.36\pic\dat\en_msgs.txt -cn \
  -h+dist/default/production\DIGITALReloj-7SegmentsDisplay_Project.X.production.sym \
  --cmf=dist/default/production\DIGITALReloj-7SegmentsDisplay_Project.X.production.cmf \
  -z -Q18F25K22 -oC:\Users\mrchu\AppData\Local\Temp\xcAs7qs.4 \
  --defsym=__MPLAB_BUILD=1 \
  -Mdist/default/production/DIGITALReloj-7SegmentsDisplay_Project.X.production.map \
  --md=C:\Users\mrchu\AppData\Local\Temp\xcAs7qs.dat -E1 -ver=XC8 Compiler \
  --acfsm=1493 -ACODE=00h-07FFFh -ACONST=00h-07FFFh \
  -ASMALLCONST=0600h-06FFhx122 -AMEDIUMCONST=0600h-07FFFh -ACOMRAM=01h-05Fh \
  -AABS1=00h-05FFh -ABIGRAM=01h-05FFh -ARAM=060h-0FFh,0100h-01FFhx5 \
  -ABANK0=060h-0FFh -ABANK1=0100h-01FFh -ABANK2=0200h-02FFh \
  -ABANK3=0300h-03FFh -ABANK4=0400h-04FFh -ABANK5=0500h-05FFh \
  -ASFR=0F38h-0F5Fh,0F60h-0FFFh -ABIGSFR=0F38h-0FFFh \
  -ACONFIG=0300000h-030000Dh -AIDLOC=0200000h-0200007h \
  -AEEDATA=0F00000h-0F000FFh -peeprom_data=EEDATA \
  -preset_vec=00h,intcode=08h,intcodelo=018h,powerup,init -pramtop=0600h \
  -psmallconst=SMALLCONST -pmediumconst=MEDIUMCONST -pconst=CONST \
  -AFARRAM=00h-00h \
  -prdata=COMRAM,nvrram=COMRAM,nvbit=COMRAM,rbss=COMRAM,rbit=COMRAM \
  -pfarbss=FARRAM,fardata=FARRAM,nvFARRAM=FARRAM \
  -pintsave_regs=BIGRAM,bigbss=BIGRAM,bigdata=BIGRAM -pbss=RAM \
  -pidata=CODE,irdata=CODE,ibigdata=CODE,ifardata=CODE -prparam=COMRAM \
  C:\Users\mrchu\AppData\Local\Temp\xcAs7qs.o \
  dist/default/production\DIGITALReloj-7SegmentsDisplay_Project.X.production.o 

Object code version is 3.11

Machine type is 18F25K22



                Name                               Link     Load   Length Selector   Space Scale
C:\Users\mrchu\AppData\Local\Temp\xcAs7qs.o
                idloc                            200000   200000        8        0       5
                config                           300000   300000        E        0       4
                init                                 26       26        4        C       0
                reset_vec                             0        0        4        0       0
dist/default/production\DIGITALReloj-7SegmentsDisplay_Project.X.production.o
                intcodelo                            18       18        E        C       0
                intcode                               8        8        6        4       0
                idloc                            200000   200000        8        0       5
                config                           300000   300000        E        0       4
                temp                                 48       48        1        1       1
                intcode_body                        896      896       2E        C       0
                text27                              79A      79A       58        C       0
                text26                              82C      82C       36        C       0
                text25                               2A       2A      18A        C       0
                text24                              95C      95C       1C        C       0
                text23                              A08      A08       12        C       0
                text22                              A2A      A2A        8        C       0
                text21                              916      916       28        C       0
                text20                              A32      A32        6        C       0
                text19                              93E      93E       1E        C       0
                text18                              8EE      8EE       28        C       0
                text17                              6C6      6C6       6C        C       0
                text16                              9E2      9E2       14        C       0
                text15                              9A4      9A4       16        C       0
                text14                              8C4      8C4       2A        C       0
                text13                              98E      98E       16        C       0
                text12                              978      978       16        C       0
                text11                              9CE      9CE       14        C       0
                text10                              9BA      9BA       14        C       0
                text9                               5D4      5D4       80        C       0
                text8                               732      732       68        C       0
                text7                               470      470       B4        C       0
                text6                               3AC      3AC       C4        C       0
                text5                               524      524       B0        C       0
                text4                               1B4      1B4      100        C       0
                text3                               2B4      2B4       F8        C       0
                text2                               654      654       72        C       0
                text1                               862      862       34        C       0
                text0                               A1A      A1A       10        C       0
                cstackCOMRAM                         22       22       14        1       1
                dataCOMRAM                           36       36       12        1       1
                bssCOMRAM                             1        1       21        1       1
                cinit                               7F2      7F2       3A        C       0
                idataCOMRAM                         9F6      9F6       12        C       0

TOTAL           Name                               Link     Load   Length     Space
        CLASS   CODE           
                intcodelo                            18       18        E         0
                intcode                               8        8        6         0
                init                                 26       26        4         0
                reset_vec                             0        0        4         0
                intcode_body                        896      896       2E         0
                text27                              79A      79A       58         0
                text26                              82C      82C       36         0
                text25                               2A       2A      18A         0
                text24                              95C      95C       1C         0
                text23                              A08      A08       12         0
                text22                              A2A      A2A        8         0
                text21                              916      916       28         0
                text20                              A32      A32        6         0
                text19                              93E      93E       1E         0
                text18                              8EE      8EE       28         0
                text17                              6C6      6C6       6C         0
                text16                              9E2      9E2       14         0
                text15                              9A4      9A4       16         0
                text14                              8C4      8C4       2A         0
                text13                              98E      98E       16         0
                text12                              978      978       16         0
                text11                              9CE      9CE       14         0
                text10                              9BA      9BA       14         0
                text9                               5D4      5D4       80         0
                text8                               732      732       68         0
                text7                               470      470       B4         0
                text6                               3AC      3AC       C4         0
                text5                               524      524       B0         0
                text4                               1B4      1B4      100         0
                text3                               2B4      2B4       F8         0
                text2                               654      654       72         0
                text1                               862      862       34         0
                text0                               A1A      A1A       10         0
                cinit                               7F2      7F2       3A         0
                idataCOMRAM                         9F6      9F6       12         0

        CLASS   CONST          

        CLASS   SMALLCONST     

        CLASS   MEDIUMCONST    

        CLASS   COMRAM         
                temp                                 48       48        1         1
                cstackCOMRAM                         22       22       14         1
                dataCOMRAM                           36       36       12         1
                bssCOMRAM                             1        1       21         1

        CLASS   ABS1           

        CLASS   BIGRAM         

        CLASS   RAM            

        CLASS   BANK0          

        CLASS   BANK1          

        CLASS   BANK2          

        CLASS   BANK3          

        CLASS   BANK4          

        CLASS   BANK5          

        CLASS   SFR            

        CLASS   BIGSFR         

        CLASS   CONFIG         
                config                           300000   300000        E         4

        CLASS   IDLOC          
                idloc                            200000   200000        8         5

        CLASS   EEDATA         

        CLASS   FARRAM         

        CLASS   HEAP           

        CLASS   STACK          



SEGMENTS        Name                           Load    Length   Top    Selector   Space  Class

                reset_vec                      000000  000004  000004         0       0  CODE    
                bssCOMRAM                      000001  000048  000049         1       1  COMRAM  
                intcode                        000008  000006  00000E         4       0  CODE    
                intcodelo                      000018  000A20  000A38         C       0  CODE    


UNUSED ADDRESS RANGES

        Name                Unused          Largest block    Delta
        BANK0            000060-0000FF               A0
        BANK1            000100-0001FF              100
        BANK2            000200-0002FF              100
        BANK3            000300-0003FF              100
        BANK4            000400-0004FF              100
        BANK5            000500-0005FF              100
        BIGRAM           000049-0005FF              5B7
        BIGSFR           000F38-000FFF               C8
        CODE             000004-000007                4
                         00000E-000017                A
                         000A38-007FFF             75C8
        COMRAM           000049-00005F               17
        CONST            000004-000007                4
                         00000E-000017                A
                         000A38-007FFF             75C8
        EEDATA           F00000-F000FF              100
        MEDIUMCONST      000A38-007FFF             75C8
        RAM              000060-0005FF              100
        SFR              000F38-000FFF               28
        SMALLCONST       000A38-007FFF              100

                                  Symbol Table

?_Get_DS1307_RTC_Date                cstackCOMRAM 00002B
?_Get_DS1307_RTC_Time                cstackCOMRAM 00002B
?___awdiv                            cstackCOMRAM 000023
?___awmod                            cstackCOMRAM 000023
DISPLAY_Set@D1                       cstackCOMRAM 000030
DISPLAY_Set@D2                       cstackCOMRAM 000029
DISPLAY_Set@D3                       cstackCOMRAM 00002A
DISPLAY_Set@D4                       cstackCOMRAM 00002B
DISPLAY_Set@D5                       cstackCOMRAM 00002C
DISPLAY_Set@D6                       cstackCOMRAM 00002D
DISPLAY_Update@i                     cstackCOMRAM 000028
DRIVER_74HC595_ShiftOut@data         cstackCOMRAM 000026
DRIVER_74HC595_ShiftOut@i            cstackCOMRAM 000027
I2C1_Send@BYTE                       cstackCOMRAM 000023
Read_Bytes_From_DS1307_RTC@Address   cstackCOMRAM 000028
Read_Bytes_From_DS1307_RTC@NoOfBytes cstackCOMRAM 000026
Read_Bytes_From_DS1307_RTC@i         cstackCOMRAM 000029
Read_Bytes_From_DS1307_RTC@pData     cstackCOMRAM 000024
UpdateDateToDisplay@pDateArray       cstackCOMRAM 000031
UpdateTimeToDisplay@pTimeArray       cstackCOMRAM 000031
_ANSELA                              (abs)        000F38
_ANSELB                              (abs)        000F39
_ANSELC                              (abs)        000F3A
_DISPLAY_Reset                       text24       00095C
_DISPLAY_Set                         text25       00002A
_DISPLAY_Update                      text26       00082C
_DRIVER_74HC595_ShiftOut             text27       00079A
_Get_DS1307_RTC_Date                 text8        000732
_Get_DS1307_RTC_Time                 text7        000470
_I2C1_Init                           text23       000A08
_I2C1_ReStart                        text16       0009E2
_I2C1_Read                           text15       0009A4
_I2C1_Send                           text14       0008C4
_I2C1_Send_ACK                       text13       00098E
_I2C1_Send_NACK                      text12       000978
_I2C1_Start                          text11       0009CE
_I2C1_Stop                           text10       0009BA
_INTCON2bits                         (abs)        000FF1
_INTCONbits                          (abs)        000FF2
_INTERRUPT_HighManager               intcode      000008
_INTERRUPT_LowManager                intcodelo    000018
_ISR_Initialize                      text22       000A2A
_LATBbits                            (abs)        000F8A
_MCU_Initialize                      text21       000916
_MCU_SetModeDisplay                  text17       0006C6
_MCU_SetOutDisplay                   text2        000654
_NUMBERS_OF_DISPLAYS                 dataCOMRAM   000047
_OSCCONbits                          (abs)        000FD3
_OSCILLATOR_Initialize               text20       000A32
_PIR1bits                            (abs)        000F9E
_PIR3bits                            (abs)        000FA4
_PORTA                               (abs)        000F80
_PORTB                               (abs)        000F81
_PORTC                               (abs)        000F82
_RCONbits                            (abs)        000FD0
_Read_Bytes_From_DS1307_RTC          text9        0005D4
_SSP1ADD                             (abs)        000FC8
_SSP1BUF                             (abs)        000FC9
_SSP1CON1                            (abs)        000FC6
_SSP1CON2bits                        (abs)        000FC5
_SSP1STAT                            (abs)        000FC7
_SSP2ADD                             (abs)        000F6E
_SSP2BUF                             (abs)        000F6F
_SSP2CON1                            (abs)        000F6C
_SSP2CON2bits                        (abs)        000F6B
_SSP2STAT                            (abs)        000F6D
_SYSTEM_Initialize                   text18       0008EE
_SYSTEM_Process                      text1        000862
_Seconds                             bssCOMRAM    000018
_T0CONbits                           (abs)        000FD5
_TMR0H                               (abs)        000FD7
_TMR0L                               (abs)        000FD6
_TMR0_Initialize                     text19       00093E
_TMR0_OVR_FLAG                       bssCOMRAM    00001B
_TRISA                               (abs)        000F92
_TRISB                               (abs)        000F93
_TRISBbits                           (abs)        000F93
_TRISC                               (abs)        000F94
_TRISCbits                           (abs)        000F94
_Temp                                bssCOMRAM    000016
_UpdateDateToDisplay                 text4        0001B4
_UpdateTimeToDisplay                 text3        0002B4
__HRAM                               (abs)        000000
__Habs1                              abs1         000000
__Hbank0                             bank0        000000
__Hbank1                             bank1        000000
__Hbank2                             bank2        000000
__Hbank3                             bank3        000000
__Hbank4                             bank4        000000
__Hbank5                             bank5        000000
__Hbigbss                            bigbss       000000
__Hbigdata                           bigdata      000000
__Hbigram                            bigram       000000
__Hbigsfr                            bigsfr       000000
__Hbss                               bss          000000
__HbssCOMRAM                         bssCOMRAM    000000
__Hcinit                             cinit        000000
__Hclrtext                           clrtext      000000
__Hcomram                            comram       000000
__Hconfig                            config       30000E
__Hconst                             const        000000
__HcstackCOMRAM                      cstackCOMRAM 000000
__Hdata                              data         000000
__HdataCOMRAM                        dataCOMRAM   000000
__Heeprom_data                       eeprom_data  000000
__Hfarbss                            farbss       000000
__Hfardata                           fardata      000000
__Hheap                              heap         000000
__Hibigdata                          ibigdata     000000
__Hidata                             idata        000000
__HidataCOMRAM                       idataCOMRAM  000000
__Hidloc                             idloc        200008
__Hifardata                          ifardata     000000
__Hinit                              init         00002A
__Hintcode                           intcode      00000E
__Hintcode_body                      intcode_body 000000
__Hintcodelo                         intcodelo    000026
__Hintentry                          intentry     000000
__Hintret                            intret       000000
__Hintsave_regs                      intsave_regs 000000
__Hirdata                            irdata       000000
__Hmediumconst                       mediumconst  000000
__HnvFARRAM                          nvFARRAM     000000
__Hnvbit                             nvbit        000000
__Hnvrram                            nvrram       000000
__Hparam                             rparam       000000
__Hpowerup                           powerup      000026
__Hram                               ram          000000
__Hramtop                            ramtop       000600
__Hrbit                              rbit         000000
__Hrbss                              rbss         000000
__Hrdata                             rdata        000000
__Hreset_vec                         reset_vec    000004
__Hrparam                            rparam       000000
__Hsfr                               sfr          000000
__Hsmallconst                        smallconst   000000
__Hspace_0                           (abs)        000A38
__Hspace_1                           (abs)        000049
__Hspace_2                           (abs)        000000
__Hspace_4                           (abs)        60000E
__Hstack                             stack        000000
__Hstruct                            struct       000000
__Htemp                              temp         000049
__Htext                              text         000000
__Htext0                             text0        000000
__Htext1                             text1        000000
__Htext10                            text10       000000
__Htext11                            text11       000000
__Htext12                            text12       000000
__Htext13                            text13       000000
__Htext14                            text14       000000
__Htext15                            text15       000000
__Htext16                            text16       000000
__Htext17                            text17       000000
__Htext18                            text18       000000
__Htext19                            text19       000000
__Htext2                             text2        000000
__Htext20                            text20       000000
__Htext21                            text21       000000
__Htext22                            text22       000000
__Htext23                            text23       000000
__Htext24                            text24       000000
__Htext25                            text25       000000
__Htext26                            text26       000000
__Htext27                            text27       000000
__Htext3                             text3        000000
__Htext4                             text4        000000
__Htext5                             text5        000000
__Htext6                             text6        000000
__Htext7                             text7        000000
__Htext8                             text8        000000
__Htext9                             text9        000000
__LRAM                               (abs)        000001
__Labs1                              abs1         000000
__Lbank0                             bank0        000000
__Lbank1                             bank1        000000
__Lbank2                             bank2        000000
__Lbank3                             bank3        000000
__Lbank4                             bank4        000000
__Lbank5                             bank5        000000
__Lbigbss                            bigbss       000000
__Lbigdata                           bigdata      000000
__Lbigram                            bigram       000000
__Lbigsfr                            bigsfr       000000
__Lbss                               bss          000000
__LbssCOMRAM                         bssCOMRAM    000000
__Lcinit                             cinit        000000
__Lclrtext                           clrtext      000000
__Lcomram                            comram       000000
__Lconfig                            config       000000
__Lconst                             const        000000
__LcstackCOMRAM                      cstackCOMRAM 000000
__Ldata                              data         000000
__LdataCOMRAM                        dataCOMRAM   000000
__Leeprom_data                       eeprom_data  000000
__Lfarbss                            farbss       000000
__Lfardata                           fardata      000000
__Lheap                              heap         000000
__Libigdata                          ibigdata     000000
__Lidata                             idata        000000
__LidataCOMRAM                       idataCOMRAM  000000
__Lidloc                             idloc        000000
__Lifardata                          ifardata     000000
__Linit                              init         000026
__Lintcode                           intcode      000008
__Lintcode_body                      intcode_body 000000
__Lintcodelo                         intcodelo    000018
__Lintentry                          intentry     000000
__Lintret                            intret       000000
__Lintsave_regs                      intsave_regs 000000
__Lirdata                            irdata       000000
__Lmediumconst                       mediumconst  000000
__LnvFARRAM                          nvFARRAM     000000
__Lnvbit                             nvbit        000000
__Lnvrram                            nvrram       000000
__Lparam                             rparam       000000
__Lpowerup                           powerup      000026
__Lram                               ram          000000
__Lramtop                            ramtop       000600
__Lrbit                              rbit         000000
__Lrbss                              rbss         000000
__Lrdata                             rdata        000000
__Lreset_vec                         reset_vec    000000
__Lrparam                            rparam       000000
__Lsfr                               sfr          000000
__Lsmallconst                        smallconst   000000
__Lspace_0                           (abs)        000000
__Lspace_1                           (abs)        000000
__Lspace_2                           (abs)        000000
__Lspace_4                           (abs)        000000
__Lstack                             stack        000000
__Lstruct                            struct       000000
__Ltemp                              temp         000048
__Ltext                              text         000000
__Ltext0                             text0        000000
__Ltext1                             text1        000000
__Ltext10                            text10       000000
__Ltext11                            text11       000000
__Ltext12                            text12       000000
__Ltext13                            text13       000000
__Ltext14                            text14       000000
__Ltext15                            text15       000000
__Ltext16                            text16       000000
__Ltext17                            text17       000000
__Ltext18                            text18       000000
__Ltext19                            text19       000000
__Ltext2                             text2        000000
__Ltext20                            text20       000000
__Ltext21                            text21       000000
__Ltext22                            text22       000000
__Ltext23                            text23       000000
__Ltext24                            text24       000000
__Ltext25                            text25       000000
__Ltext26                            text26       000000
__Ltext27                            text27       000000
__Ltext3                             text3        000000
__Ltext4                             text4        000000
__Ltext5                             text5        000000
__Ltext6                             text6        000000
__Ltext7                             text7        000000
__Ltext8                             text8        000000
__Ltext9                             text9        000000
__S0                                 (abs)        000A38
__S1                                 (abs)        000049
__S4                                 (abs)        000000
__S5                                 (abs)        000000
___awdiv                             text6        0003AC
___awdiv@counter                     cstackCOMRAM 000027
___awdiv@dividend                    cstackCOMRAM 000023
___awdiv@divisor                     cstackCOMRAM 000025
___awdiv@quotient                    cstackCOMRAM 000029
___awdiv@sign                        cstackCOMRAM 000028
___awmod                             text5        000524
___awmod@counter                     cstackCOMRAM 000027
___awmod@dividend                    cstackCOMRAM 000023
___awmod@divisor                     cstackCOMRAM 000025
___awmod@sign                        cstackCOMRAM 000028
___heap_hi                           (abs)        000000
___heap_lo                           (abs)        000000
___inthi_sp                          stack        000000
___intlo_sp                          stack        000000
___param_bank                        (abs)        000000
___rparam_used                       (abs)        000001
___sp                                stack        000000
__accesstop                          (abs)        000060
__activetblptr                       (abs)        000002
__end_of_DISPLAY_Reset               text24       000978
__end_of_DISPLAY_Set                 text25       0001B4
__end_of_DISPLAY_Update              text26       000862
__end_of_DRIVER_74HC595_ShiftOut     text27       0007F2
__end_of_Get_DS1307_RTC_Date         text8        00079A
__end_of_Get_DS1307_RTC_Time         text7        000524
__end_of_I2C1_Init                   text23       000A1A
__end_of_I2C1_ReStart                text16       0009F6
__end_of_I2C1_Read                   text15       0009BA
__end_of_I2C1_Send                   text14       0008EE
__end_of_I2C1_Send_ACK               text13       0009A4
__end_of_I2C1_Send_NACK              text12       00098E
__end_of_I2C1_Start                  text11       0009E2
__end_of_I2C1_Stop                   text10       0009CE
__end_of_INTERRUPT_HighManager       intcode_body 0008C4
__end_of_INTERRUPT_LowManager        intcodelo    000026
__end_of_ISR_Initialize              text22       000A32
__end_of_MCU_Initialize              text21       00093E
__end_of_MCU_SetModeDisplay          text17       000732
__end_of_MCU_SetOutDisplay           text2        0006C6
__end_of_OSCILLATOR_Initialize       text20       000A38
__end_of_Read_Bytes_From_DS1307_RTC  text9        000654
__end_of_SYSTEM_Initialize           text18       000916
__end_of_SYSTEM_Process              text1        000896
__end_of_TMR0_Initialize             text19       00095C
__end_of_UpdateDateToDisplay         text4        0002B4
__end_of_UpdateTimeToDisplay         text3        0003AC
__end_of___awdiv                     text6        000470
__end_of___awmod                     text5        0005D4
__end_of__initialization             cinit        00081E
__end_of_main                        text0        000A2A
__initialization                     cinit        0007F2
__mediumconst                        mediumconst  000000
__pbssCOMRAM                         bssCOMRAM    000001
__pcinit                             cinit        0007F2
__pcstackCOMRAM                      cstackCOMRAM 000022
__pdataCOMRAM                        dataCOMRAM   000036
__pidataCOMRAM                       idataCOMRAM  0009F6
__pintcode                           intcode      000008
__pintcode_body                      intcode_body 000896
__pintcodelo                         intcodelo    000018
__ptext0                             text0        000A1A
__ptext1                             text1        000862
__ptext10                            text10       0009BA
__ptext11                            text11       0009CE
__ptext12                            text12       000978
__ptext13                            text13       00098E
__ptext14                            text14       0008C4
__ptext15                            text15       0009A4
__ptext16                            text16       0009E2
__ptext17                            text17       0006C6
__ptext18                            text18       0008EE
__ptext19                            text19       00093E
__ptext2                             text2        000654
__ptext20                            text20       000A32
__ptext21                            text21       000916
__ptext22                            text22       000A2A
__ptext23                            text23       000A08
__ptext24                            text24       00095C
__ptext25                            text25       00002A
__ptext26                            text26       00082C
__ptext27                            text27       00079A
__ptext3                             text3        0002B4
__ptext4                             text4        0001B4
__ptext5                             text5        000524
__ptext6                             text6        0003AC
__ptext7                             text7        000470
__ptext8                             text8        000732
__ptext9                             text9        0005D4
__ramtop                             ramtop       000600
__smallconst                         smallconst   000000
_dateToDisplay                       bssCOMRAM    000001
_digits                              dataCOMRAM   000036
_displayMode                         bssCOMRAM    00001D
_display_values                      bssCOMRAM    00000F
_dotsCounter                         bssCOMRAM    000017
_dotsEnable                          bssCOMRAM    00001C
_mSeconds                            bssCOMRAM    000019
_main                                text0        000A1A
_pRTCArray                           bssCOMRAM    00001E
_timeToDisplay                       bssCOMRAM    000008
_tmr0_counterMs                      bssCOMRAM    00001A
btemp                                temp         000048
end_of_initialization                cinit        00081E
int$flags                            temp         000048
int_func                             intcode_body 000896
intlevel0                            text         000000
intlevel1                            text         000000
intlevel2                            text         000000
intlevel3                            text         000000
isa$std                              (abs)        000001
isa$xinst                            (abs)        000000
stackhi                              (abs)        000000
stacklo                              (abs)        000000
start                                init         000026
start_initialization                 cinit        0007F2
ttemp5                               temp         000049
ttemp6                               temp         00004C
ttemp7                               temp         000050
wtemp8                               temp         000049


MODULE INFORMATION

Module		Function		Class		Link	Load	Size
mcu.c
		_MCU_Initialize		CODE           	0916	0000	40
		_UpdateDateToDisplay		CODE           	01B4	0000	256
		_UpdateTimeToDisplay		CODE           	02B4	0000	248
		_MCU_SetOutDisplay		CODE           	0654	0000	114
		_SYSTEM_Process		CODE           	0862	0000	52
		_OSCILLATOR_Initialize		CODE           	0A32	0000	6
		_SYSTEM_Initialize		CODE           	08EE	0000	40
		_MCU_SetModeDisplay		CODE           	06C6	0000	108
		_TMR0_Initialize		CODE           	093E	0000	30

mcu.c estimated size: 894

C:\Program Files\Microchip\xc8\v2.36\pic\sources\c99\common\awmod.c
		___awmod       		CODE           	0524	0000	176

C:\Program Files\Microchip\xc8\v2.36\pic\sources\c99\common\awmod.c estimated size: 176

i2c.c
		_I2C1_Read     		CODE           	09A4	0000	22
		_I2C1_ReStart  		CODE           	09E2	0000	20
		_I2C1_Init     		CODE           	0A08	0000	18
		_I2C1_Send     		CODE           	08C4	0000	42
		_I2C1_Send_ACK 		CODE           	098E	0000	22
		_I2C1_Send_NACK		CODE           	0978	0000	22
		_I2C1_Stop     		CODE           	09BA	0000	20
		_I2C1_Start    		CODE           	09CE	0000	20

i2c.c estimated size: 186

isr_manager.c
		_ISR_Initialize		CODE           	0A2A	0000	8
		_INTERRUPT_LowManager		CODE           	0018	0000	14
		_INTERRUPT_HighManager		CODE           	0008	0000	52

isr_manager.c estimated size: 74

ds1307.c
		_Get_DS1307_RTC_Date		CODE           	0732	0000	104
		_Read_Bytes_From_DS1307_RTC		CODE           	05D4	0000	128
		_Get_DS1307_RTC_Time		CODE           	0470	0000	180

ds1307.c estimated size: 412

C:\Program Files\Microchip\xc8\v2.36\pic\sources\c99\common\awdiv.c
		___awdiv       		CODE           	03AC	0000	196

C:\Program Files\Microchip\xc8\v2.36\pic\sources\c99\common\awdiv.c estimated size: 196

shared
		__initialization		CODE           	07F2	0000	44

shared estimated size: 44

Display7seg_74HC595.c
		_DISPLAY_Set   		CODE           	002A	0000	394
		_DISPLAY_Reset 		CODE           	095C	0000	28
		_DISPLAY_Update		CODE           	082C	0000	54
		_DRIVER_74HC595_ShiftOut		CODE           	079A	0000	88

Display7seg_74HC595.c estimated size: 564

main.c
		_main          		CODE           	0A1A	0000	16

main.c estimated size: 16

