Microchip MPLAB XC8 Compiler V2.36

Linker command line:

-W-3 --edf=C:\Program Files\Microchip\xc8\v2.36\pic\dat\en_msgs.txt -cn \
  -h+dist/default/production\XC8-18F25K22_Reloj7segDisplay_74HC595.X.production.sym \
  --cmf=dist/default/production\XC8-18F25K22_Reloj7segDisplay_74HC595.X.production.cmf \
  -z -Q18F25K22 -oC:\Users\mrchu\AppData\Local\Temp\xcAsa98.4 \
  --defsym=__MPLAB_BUILD=1 \
  -Mdist/default/production/XC8-18F25K22_Reloj7segDisplay_74HC595.X.production.map \
  --md=C:\Users\mrchu\AppData\Local\Temp\xcAsa98.dat -E1 -ver=XC8 Compiler \
  --acfsm=1493 -ACODE=00h-07FFFh -ACONST=00h-07FFFh \
  -ASMALLCONST=0600h-06FFhx122 -AMEDIUMCONST=0600h-07FFFh -ACOMRAM=01h-05Fh \
  -AABS1=00h-05FFh -ABIGRAM=01h-05FFh -ARAM=060h-0FFh,0100h-01FFhx5 \
  -ABANK0=060h-0FFh -ABANK1=0100h-01FFh -ABANK2=0200h-02FFh \
  -ABANK3=0300h-03FFh -ABANK4=0400h-04FFh -ABANK5=0500h-05FFh \
  -ASFR=0F38h-0F5Fh,0F60h-0FFFh -ABIGSFR=0F38h-0FFFh \
  -ACONFIG=0300000h-030000Dh -AIDLOC=0200000h-0200007h \
  -AEEDATA=0F00000h-0F000FFh -peeprom_data=EEDATA \
  -preset_vec=00h,intcode=08h,intcodelo=018h,powerup,init -pramtop=0600h \
  -psmallconst=SMALLCONST -pmediumconst=MEDIUMCONST -pconst=CONST \
  -AFARRAM=00h-00h \
  -prdata=COMRAM,nvrram=COMRAM,nvbit=COMRAM,rbss=COMRAM,rbit=COMRAM \
  -pfarbss=FARRAM,fardata=FARRAM,nvFARRAM=FARRAM \
  -pintsave_regs=BIGRAM,bigbss=BIGRAM,bigdata=BIGRAM -pbss=RAM \
  -pidata=CODE,irdata=CODE,ibigdata=CODE,ifardata=CODE -prparam=COMRAM \
  C:\Users\mrchu\AppData\Local\Temp\xcAsa98.o \
  dist/default/production\XC8-18F25K22_Reloj7segDisplay_74HC595.X.production.o 

Object code version is 3.11

Machine type is 18F25K22



                Name                               Link     Load   Length Selector   Space Scale
C:\Users\mrchu\AppData\Local\Temp\xcAsa98.o
                idloc                            200000   200000        8        0       5
                config                           300000   300000        E        0       4
                init                                 26       26        4        C       0
                reset_vec                             0        0        4        0       0
dist/default/production\XC8-18F25K22_Reloj7segDisplay_74HC595.X.production.o
                intcodelo                            18       18        E        C       0
                intcode                               8        8        6        4       0
                idloc                            200000   200000        8        0       5
                config                           300000   300000        E        0       4
                temp                                 39       39        1        1       1
                intcode_body                        600      600       2E        C       0
                text23                              4E2      4E2       58        C       0
                text22                              5CA      5CA       36        C       0
                text21                               2A       2A      120        C       0
                text20                              744      744       14        C       0
                text19                              76A      76A       12        C       0
                text18                              78C      78C        8        C       0
                text17                              680      680       28        C       0
                text16                              794      794        6        C       0
                text15                              6A8      6A8       1E        C       0
                text14                              658      658       28        C       0
                text13                              23A      23A       C4        C       0
                text12                              3B2      3B2       B0        C       0
                text11                              14A      14A       F0        C       0
                text10                              730      730       14        C       0
                text9                               6F2      6F2       16        C       0
                text8                               62E      62E       2A        C       0
                text7                               6DC      6DC       16        C       0
                text6                               6C6      6C6       16        C       0
                text5                               71C      71C       14        C       0
                text4                               708      708       14        C       0
                text3                               462      462       80        C       0
                text2                               2FE      2FE       B4        C       0
                text1                               53A      53A       56        C       0
                text0                               77C      77C       10        C       0
                cstackCOMRAM                         29       29       10        1       1
                dataCOMRAM                           17       17       12        1       1
                bssCOMRAM                             1        1       16        1       1
                cinit                               590      590       3A        C       0
                idataCOMRAM                         758      758       12        C       0

TOTAL           Name                               Link     Load   Length     Space
        CLASS   CODE           
                intcodelo                            18       18        E         0
                intcode                               8        8        6         0
                init                                 26       26        4         0
                reset_vec                             0        0        4         0
                intcode_body                        600      600       2E         0
                text23                              4E2      4E2       58         0
                text22                              5CA      5CA       36         0
                text21                               2A       2A      120         0
                text20                              744      744       14         0
                text19                              76A      76A       12         0
                text18                              78C      78C        8         0
                text17                              680      680       28         0
                text16                              794      794        6         0
                text15                              6A8      6A8       1E         0
                text14                              658      658       28         0
                text13                              23A      23A       C4         0
                text12                              3B2      3B2       B0         0
                text11                              14A      14A       F0         0
                text10                              730      730       14         0
                text9                               6F2      6F2       16         0
                text8                               62E      62E       2A         0
                text7                               6DC      6DC       16         0
                text6                               6C6      6C6       16         0
                text5                               71C      71C       14         0
                text4                               708      708       14         0
                text3                               462      462       80         0
                text2                               2FE      2FE       B4         0
                text1                               53A      53A       56         0
                text0                               77C      77C       10         0
                cinit                               590      590       3A         0
                idataCOMRAM                         758      758       12         0

        CLASS   CONST          

        CLASS   SMALLCONST     

        CLASS   MEDIUMCONST    

        CLASS   COMRAM         
                temp                                 39       39        1         1
                cstackCOMRAM                         29       29       10         1
                dataCOMRAM                           17       17       12         1
                bssCOMRAM                             1        1       16         1

        CLASS   ABS1           

        CLASS   BIGRAM         

        CLASS   RAM            

        CLASS   BANK0          

        CLASS   BANK1          

        CLASS   BANK2          

        CLASS   BANK3          

        CLASS   BANK4          

        CLASS   BANK5          

        CLASS   SFR            

        CLASS   BIGSFR         

        CLASS   CONFIG         
                config                           300000   300000        E         4

        CLASS   IDLOC          
                idloc                            200000   200000        8         5

        CLASS   EEDATA         

        CLASS   FARRAM         

        CLASS   HEAP           

        CLASS   STACK          



SEGMENTS        Name                           Load    Length   Top    Selector   Space  Class

                reset_vec                      000000  000004  000004         0       0  CODE    
                bssCOMRAM                      000001  000039  00003A         1       1  COMRAM  
                intcode                        000008  000006  00000E         4       0  CODE    
                intcodelo                      000018  000782  00079A         C       0  CODE    


UNUSED ADDRESS RANGES

        Name                Unused          Largest block    Delta
        BANK0            000060-0000FF               A0
        BANK1            000100-0001FF              100
        BANK2            000200-0002FF              100
        BANK3            000300-0003FF              100
        BANK4            000400-0004FF              100
        BANK5            000500-0005FF              100
        BIGRAM           00003A-0005FF              5C6
        BIGSFR           000F38-000FFF               C8
        CODE             000004-000007                4
                         00000E-000017                A
                         00079A-007FFF             7866
        COMRAM           00003A-00005F               26
        CONST            000004-000007                4
                         00000E-000017                A
                         00079A-007FFF             7866
        EEDATA           F00000-F000FF              100
        MEDIUMCONST      00079A-007FFF             7866
        RAM              000060-0005FF              100
        SFR              000F38-000FFF               28
        SMALLCONST       00079A-007FFF              100

                                  Symbol Table

?_Get_DS1307_RTC_Time                cstackCOMRAM 000032
?___awdiv                            cstackCOMRAM 00002A
?___awmod                            cstackCOMRAM 00002A
DISPLAY_Set@D1                       cstackCOMRAM 000035
DISPLAY_Set@D2                       cstackCOMRAM 000030
DISPLAY_Set@D3                       cstackCOMRAM 000031
DISPLAY_Set@D4                       cstackCOMRAM 000032
DISPLAY_Update@i                     cstackCOMRAM 00002F
DRIVER_74HC595_ShiftOut@data         cstackCOMRAM 00002D
DRIVER_74HC595_ShiftOut@i            cstackCOMRAM 00002E
DisplayTimeToLCD@pTimeArray          cstackCOMRAM 000036
I2C1_Send@BYTE                       cstackCOMRAM 00002A
Read_Bytes_From_DS1307_RTC@Address   cstackCOMRAM 00002F
Read_Bytes_From_DS1307_RTC@NoOfBytes cstackCOMRAM 00002D
Read_Bytes_From_DS1307_RTC@i         cstackCOMRAM 000030
Read_Bytes_From_DS1307_RTC@pData     cstackCOMRAM 00002B
_ANSELA                              (abs)        000F38
_ANSELB                              (abs)        000F39
_ANSELC                              (abs)        000F3A
_DISPLAY_Reset                       text20       000744
_DISPLAY_Set                         text21       00002A
_DISPLAY_Update                      text22       0005CA
_DRIVER_74HC595_ShiftOut             text23       0004E2
_DisplayTimeToLCD                    text11       00014A
_Get_DS1307_RTC_Time                 text2        0002FE
_I2C1_Init                           text19       00076A
_I2C1_ReStart                        text10       000730
_I2C1_Read                           text9        0006F2
_I2C1_Send                           text8        00062E
_I2C1_Send_ACK                       text7        0006DC
_I2C1_Send_NACK                      text6        0006C6
_I2C1_Start                          text5        00071C
_I2C1_Stop                           text4        000708
_INTCON2bits                         (abs)        000FF1
_INTCONbits                          (abs)        000FF2
_INTERRUPT_HighManager               intcode      000008
_INTERRUPT_LowManager                intcodelo    000018
_ISR_Initialize                      text18       00078C
_LATBbits                            (abs)        000F8A
_MCU_Initialize                      text17       000680
_NUMBERS_OF_DISPLAYS                 dataCOMRAM   000028
_OSCCONbits                          (abs)        000FD3
_OSCILLATOR_Initialize               text16       000794
_PIR1bits                            (abs)        000F9E
_PIR3bits                            (abs)        000FA4
_PORTA                               (abs)        000F80
_PORTB                               (abs)        000F81
_PORTC                               (abs)        000F82
_RCONbits                            (abs)        000FD0
_Read_Bytes_From_DS1307_RTC          text3        000462
_SSP1ADD                             (abs)        000FC8
_SSP1BUF                             (abs)        000FC9
_SSP1CON1                            (abs)        000FC6
_SSP1CON2bits                        (abs)        000FC5
_SSP1STAT                            (abs)        000FC7
_SSP2ADD                             (abs)        000F6E
_SSP2BUF                             (abs)        000F6F
_SSP2CON1                            (abs)        000F6C
_SSP2CON2bits                        (abs)        000F6B
_SSP2STAT                            (abs)        000F6D
_SYSTEM_Initialize                   text14       000658
_SYSTEM_Process                      text1        00053A
_T0CONbits                           (abs)        000FD5
_TMR0H                               (abs)        000FD7
_TMR0L                               (abs)        000FD6
_TMR0_Initialize                     text15       0006A8
_TMR0_OVR_FLAG                       bssCOMRAM    000011
_TRISA                               (abs)        000F92
_TRISB                               (abs)        000F93
_TRISBbits                           (abs)        000F93
_TRISC                               (abs)        000F94
_TRISCbits                           (abs)        000F94
_Temp                                bssCOMRAM    00000E
__HRAM                               (abs)        000000
__Habs1                              abs1         000000
__Hbank0                             bank0        000000
__Hbank1                             bank1        000000
__Hbank2                             bank2        000000
__Hbank3                             bank3        000000
__Hbank4                             bank4        000000
__Hbank5                             bank5        000000
__Hbigbss                            bigbss       000000
__Hbigdata                           bigdata      000000
__Hbigram                            bigram       000000
__Hbigsfr                            bigsfr       000000
__Hbss                               bss          000000
__HbssCOMRAM                         bssCOMRAM    000000
__Hcinit                             cinit        000000
__Hclrtext                           clrtext      000000
__Hcomram                            comram       000000
__Hconfig                            config       30000E
__Hconst                             const        000000
__HcstackCOMRAM                      cstackCOMRAM 000000
__Hdata                              data         000000
__HdataCOMRAM                        dataCOMRAM   000000
__Heeprom_data                       eeprom_data  000000
__Hfarbss                            farbss       000000
__Hfardata                           fardata      000000
__Hheap                              heap         000000
__Hibigdata                          ibigdata     000000
__Hidata                             idata        000000
__HidataCOMRAM                       idataCOMRAM  000000
__Hidloc                             idloc        200008
__Hifardata                          ifardata     000000
__Hinit                              init         00002A
__Hintcode                           intcode      00000E
__Hintcode_body                      intcode_body 000000
__Hintcodelo                         intcodelo    000026
__Hintentry                          intentry     000000
__Hintret                            intret       000000
__Hintsave_regs                      intsave_regs 000000
__Hirdata                            irdata       000000
__Hmediumconst                       mediumconst  000000
__HnvFARRAM                          nvFARRAM     000000
__Hnvbit                             nvbit        000000
__Hnvrram                            nvrram       000000
__Hparam                             rparam       000000
__Hpowerup                           powerup      000026
__Hram                               ram          000000
__Hramtop                            ramtop       000600
__Hrbit                              rbit         000000
__Hrbss                              rbss         000000
__Hrdata                             rdata        000000
__Hreset_vec                         reset_vec    000004
__Hrparam                            rparam       000000
__Hsfr                               sfr          000000
__Hsmallconst                        smallconst   000000
__Hspace_0                           (abs)        00079A
__Hspace_1                           (abs)        00003A
__Hspace_2                           (abs)        000000
__Hspace_4                           (abs)        60000E
__Hstack                             stack        000000
__Hstruct                            struct       000000
__Htemp                              temp         00003A
__Htext                              text         000000
__Htext0                             text0        000000
__Htext1                             text1        000000
__Htext10                            text10       000000
__Htext11                            text11       000000
__Htext12                            text12       000000
__Htext13                            text13       000000
__Htext14                            text14       000000
__Htext15                            text15       000000
__Htext16                            text16       000000
__Htext17                            text17       000000
__Htext18                            text18       000000
__Htext19                            text19       000000
__Htext2                             text2        000000
__Htext20                            text20       000000
__Htext21                            text21       000000
__Htext22                            text22       000000
__Htext23                            text23       000000
__Htext3                             text3        000000
__Htext4                             text4        000000
__Htext5                             text5        000000
__Htext6                             text6        000000
__Htext7                             text7        000000
__Htext8                             text8        000000
__Htext9                             text9        000000
__LRAM                               (abs)        000001
__Labs1                              abs1         000000
__Lbank0                             bank0        000000
__Lbank1                             bank1        000000
__Lbank2                             bank2        000000
__Lbank3                             bank3        000000
__Lbank4                             bank4        000000
__Lbank5                             bank5        000000
__Lbigbss                            bigbss       000000
__Lbigdata                           bigdata      000000
__Lbigram                            bigram       000000
__Lbigsfr                            bigsfr       000000
__Lbss                               bss          000000
__LbssCOMRAM                         bssCOMRAM    000000
__Lcinit                             cinit        000000
__Lclrtext                           clrtext      000000
__Lcomram                            comram       000000
__Lconfig                            config       000000
__Lconst                             const        000000
__LcstackCOMRAM                      cstackCOMRAM 000000
__Ldata                              data         000000
__LdataCOMRAM                        dataCOMRAM   000000
__Leeprom_data                       eeprom_data  000000
__Lfarbss                            farbss       000000
__Lfardata                           fardata      000000
__Lheap                              heap         000000
__Libigdata                          ibigdata     000000
__Lidata                             idata        000000
__LidataCOMRAM                       idataCOMRAM  000000
__Lidloc                             idloc        000000
__Lifardata                          ifardata     000000
__Linit                              init         000026
__Lintcode                           intcode      000008
__Lintcode_body                      intcode_body 000000
__Lintcodelo                         intcodelo    000018
__Lintentry                          intentry     000000
__Lintret                            intret       000000
__Lintsave_regs                      intsave_regs 000000
__Lirdata                            irdata       000000
__Lmediumconst                       mediumconst  000000
__LnvFARRAM                          nvFARRAM     000000
__Lnvbit                             nvbit        000000
__Lnvrram                            nvrram       000000
__Lparam                             rparam       000000
__Lpowerup                           powerup      000026
__Lram                               ram          000000
__Lramtop                            ramtop       000600
__Lrbit                              rbit         000000
__Lrbss                              rbss         000000
__Lrdata                             rdata        000000
__Lreset_vec                         reset_vec    000000
__Lrparam                            rparam       000000
__Lsfr                               sfr          000000
__Lsmallconst                        smallconst   000000
__Lspace_0                           (abs)        000000
__Lspace_1                           (abs)        000000
__Lspace_2                           (abs)        000000
__Lspace_4                           (abs)        000000
__Lstack                             stack        000000
__Lstruct                            struct       000000
__Ltemp                              temp         000039
__Ltext                              text         000000
__Ltext0                             text0        000000
__Ltext1                             text1        000000
__Ltext10                            text10       000000
__Ltext11                            text11       000000
__Ltext12                            text12       000000
__Ltext13                            text13       000000
__Ltext14                            text14       000000
__Ltext15                            text15       000000
__Ltext16                            text16       000000
__Ltext17                            text17       000000
__Ltext18                            text18       000000
__Ltext19                            text19       000000
__Ltext2                             text2        000000
__Ltext20                            text20       000000
__Ltext21                            text21       000000
__Ltext22                            text22       000000
__Ltext23                            text23       000000
__Ltext3                             text3        000000
__Ltext4                             text4        000000
__Ltext5                             text5        000000
__Ltext6                             text6        000000
__Ltext7                             text7        000000
__Ltext8                             text8        000000
__Ltext9                             text9        000000
__S0                                 (abs)        00079A
__S1                                 (abs)        00003A
__S4                                 (abs)        000000
__S5                                 (abs)        000000
___awdiv                             text13       00023A
___awdiv@counter                     cstackCOMRAM 00002E
___awdiv@dividend                    cstackCOMRAM 00002A
___awdiv@divisor                     cstackCOMRAM 00002C
___awdiv@quotient                    cstackCOMRAM 000030
___awdiv@sign                        cstackCOMRAM 00002F
___awmod                             text12       0003B2
___awmod@counter                     cstackCOMRAM 00002E
___awmod@dividend                    cstackCOMRAM 00002A
___awmod@divisor                     cstackCOMRAM 00002C
___awmod@sign                        cstackCOMRAM 00002F
___heap_hi                           (abs)        000000
___heap_lo                           (abs)        000000
___inthi_sp                          stack        000000
___intlo_sp                          stack        000000
___param_bank                        (abs)        000000
___rparam_used                       (abs)        000001
___sp                                stack        000000
__accesstop                          (abs)        000060
__activetblptr                       (abs)        000002
__end_of_DISPLAY_Reset               text20       000758
__end_of_DISPLAY_Set                 text21       00014A
__end_of_DISPLAY_Update              text22       000600
__end_of_DRIVER_74HC595_ShiftOut     text23       00053A
__end_of_DisplayTimeToLCD            text11       00023A
__end_of_Get_DS1307_RTC_Time         text2        0003B2
__end_of_I2C1_Init                   text19       00077C
__end_of_I2C1_ReStart                text10       000744
__end_of_I2C1_Read                   text9        000708
__end_of_I2C1_Send                   text8        000658
__end_of_I2C1_Send_ACK               text7        0006F2
__end_of_I2C1_Send_NACK              text6        0006DC
__end_of_I2C1_Start                  text5        000730
__end_of_I2C1_Stop                   text4        00071C
__end_of_INTERRUPT_HighManager       intcode_body 00062E
__end_of_INTERRUPT_LowManager        intcodelo    000026
__end_of_ISR_Initialize              text18       000794
__end_of_MCU_Initialize              text17       0006A8
__end_of_OSCILLATOR_Initialize       text16       00079A
__end_of_Read_Bytes_From_DS1307_RTC  text3        0004E2
__end_of_SYSTEM_Initialize           text14       000680
__end_of_SYSTEM_Process              text1        000590
__end_of_TMR0_Initialize             text15       0006C6
__end_of___awdiv                     text13       0002FE
__end_of___awmod                     text12       000462
__end_of__initialization             cinit        0005BC
__end_of_main                        text0        00078C
__initialization                     cinit        000590
__mediumconst                        mediumconst  000000
__pbssCOMRAM                         bssCOMRAM    000001
__pcinit                             cinit        000590
__pcstackCOMRAM                      cstackCOMRAM 000029
__pdataCOMRAM                        dataCOMRAM   000017
__pidataCOMRAM                       idataCOMRAM  000758
__pintcode                           intcode      000008
__pintcode_body                      intcode_body 000600
__pintcodelo                         intcodelo    000018
__ptext0                             text0        00077C
__ptext1                             text1        00053A
__ptext10                            text10       000730
__ptext11                            text11       00014A
__ptext12                            text12       0003B2
__ptext13                            text13       00023A
__ptext14                            text14       000658
__ptext15                            text15       0006A8
__ptext16                            text16       000794
__ptext17                            text17       000680
__ptext18                            text18       00078C
__ptext19                            text19       00076A
__ptext2                             text2        0002FE
__ptext20                            text20       000744
__ptext21                            text21       00002A
__ptext22                            text22       0005CA
__ptext23                            text23       0004E2
__ptext3                             text3        000462
__ptext4                             text4        000708
__ptext5                             text5        00071C
__ptext6                             text6        0006C6
__ptext7                             text7        0006DC
__ptext8                             text8        00062E
__ptext9                             text9        0006F2
__ramtop                             ramtop       000600
__smallconst                         smallconst   000000
_digits                              dataCOMRAM   000017
_display_values                      bssCOMRAM    000008
_dotsCounter                         bssCOMRAM    00000F
_dotsEnable                          bssCOMRAM    000012
_main                                text0        00077C
_pRTCArray                           bssCOMRAM    000013
_timeToDisplay                       bssCOMRAM    000001
_tmr0_counterMs                      bssCOMRAM    000010
btemp                                temp         000039
end_of_initialization                cinit        0005BC
int$flags                            temp         000039
int_func                             intcode_body 000600
intlevel0                            text         000000
intlevel1                            text         000000
intlevel2                            text         000000
intlevel3                            text         000000
isa$std                              (abs)        000001
isa$xinst                            (abs)        000000
stackhi                              (abs)        000000
stacklo                              (abs)        000000
start                                init         000026
start_initialization                 cinit        000590
ttemp5                               temp         00003A
ttemp6                               temp         00003D
ttemp7                               temp         000041
wtemp8                               temp         00003A


MODULE INFORMATION

Module		Function		Class		Link	Load	Size
mcu.c
		_MCU_Initialize		CODE           	0680	0000	40
		_DisplayTimeToLCD		CODE           	014A	0000	240
		_SYSTEM_Process		CODE           	053A	0000	86
		_OSCILLATOR_Initialize		CODE           	0794	0000	6
		_SYSTEM_Initialize		CODE           	0658	0000	40
		_TMR0_Initialize		CODE           	06A8	0000	30

mcu.c estimated size: 442

C:\Program Files\Microchip\xc8\v2.36\pic\sources\c99\common\awmod.c
		___awmod       		CODE           	03B2	0000	176

C:\Program Files\Microchip\xc8\v2.36\pic\sources\c99\common\awmod.c estimated size: 176

i2c.c
		_I2C1_Read     		CODE           	06F2	0000	22
		_I2C1_ReStart  		CODE           	0730	0000	20
		_I2C1_Init     		CODE           	076A	0000	18
		_I2C1_Send     		CODE           	062E	0000	42
		_I2C1_Send_ACK 		CODE           	06DC	0000	22
		_I2C1_Send_NACK		CODE           	06C6	0000	22
		_I2C1_Stop     		CODE           	0708	0000	20
		_I2C1_Start    		CODE           	071C	0000	20

i2c.c estimated size: 186

isr_manager.c
		_ISR_Initialize		CODE           	078C	0000	8
		_INTERRUPT_LowManager		CODE           	0018	0000	14
		_INTERRUPT_HighManager		CODE           	0008	0000	52

isr_manager.c estimated size: 74

ds1307.c
		_Read_Bytes_From_DS1307_RTC		CODE           	0462	0000	128
		_Get_DS1307_RTC_Time		CODE           	02FE	0000	180

ds1307.c estimated size: 308

C:\Program Files\Microchip\xc8\v2.36\pic\sources\c99\common\awdiv.c
		___awdiv       		CODE           	023A	0000	196

C:\Program Files\Microchip\xc8\v2.36\pic\sources\c99\common\awdiv.c estimated size: 196

shared
		__initialization		CODE           	0590	0000	44

shared estimated size: 44

Display7seg_74HC595.c
		_DISPLAY_Set   		CODE           	002A	0000	288
		_DISPLAY_Reset 		CODE           	0744	0000	20
		_DISPLAY_Update		CODE           	05CA	0000	54
		_DRIVER_74HC595_ShiftOut		CODE           	04E2	0000	88

Display7seg_74HC595.c estimated size: 450

main.c
		_main          		CODE           	077C	0000	16

main.c estimated size: 16

